[INFO] Scanning for projects...
[INFO] 
[INFO] ----------------------< com.example:capstone2026 >----------------------
[INFO] Building  0.0.1-SNAPSHOT
[INFO]   from pom.xml
[INFO] --------------------------------[ jar ]---------------------------------
[INFO] 
[INFO] >>> spring-boot:3.5.14-SNAPSHOT:run (default-cli) > test-compile @ capstone2026 >>>
[INFO] 
[INFO] --- resources:3.3.1:resources (default-resources) @ capstone2026 ---
[INFO] Copying 1 resource from src\main\resources to target\classes
[INFO] Copying 0 resource from src\main\resources to target\classes
[INFO] 
[INFO] --- compiler:3.14.1:compile (default-compile) @ capstone2026 ---
[INFO] Nothing to compile - all classes are up to date.
[INFO] 
[INFO] --- resources:3.3.1:testResources (default-testResources) @ capstone2026 ---
[INFO] skip non existing resourceDirectory C:\dev\jmh2026\backend\src\test\resources
[INFO] 
[INFO] --- compiler:3.14.1:testCompile (default-testCompile) @ capstone2026 ---
[INFO] Nothing to compile - all classes are up to date.
[INFO] 
[INFO] <<< spring-boot:3.5.14-SNAPSHOT:run (default-cli) < test-compile @ capstone2026 <<<
[INFO] 
[INFO] 
[INFO] --- spring-boot:3.5.14-SNAPSHOT:run (default-cli) @ capstone2026 ---
[INFO] Attaching agents: []

  .   ____          _            __ _ _
 /\\ / ___'_ __ _ _(_)_ __  __ _ \ \ \ \
( ( )\___ | '_ | '_| | '_ \/ _` | \ \ \ \
 \\/  ___)| |_)| | | | | || (_| |  ) ) ) )
  '  |____| .__|_| |_|_| |_\__, | / / / /
 =========|_|==============|___/=/_/_/_/

 :: Spring Boot ::      (v3.5.14-SNAPSHOT)

2026-04-16T18:56:16.265+09:00  INFO 23072 --- [           main] c.e.c.Capstone2026Application            : Starting Capstone2026Application using Java 21.0.10 with PID 23072 (C:\dev\jmh2026\backend\target\classes started by YJU in C:\dev\jmh2026\backend)
2026-04-16T18:56:16.269+09:00  INFO 23072 --- [           main] c.e.c.Capstone2026Application            : The following 1 profile is active: "local"
2026-04-16T18:56:16.709+09:00  INFO 23072 --- [           main] .s.d.r.c.RepositoryConfigurationDelegate : Bootstrapping Spring Data JPA repositories in DEFAULT mode.
2026-04-16T18:56:16.748+09:00  INFO 23072 --- [           main] .s.d.r.c.RepositoryConfigurationDelegate : Finished Spring Data repository scanning in 32 ms. Found 1 JPA repository interface.
2026-04-16T18:56:17.055+09:00  INFO 23072 --- [           main] o.s.b.w.embedded.tomcat.TomcatWebServer  : Tomcat initialized with port 8085 (http)
2026-04-16T18:56:17.066+09:00  INFO 23072 --- [           main] o.apache.catalina.core.StandardService   : Starting service [Tomcat]
2026-04-16T18:56:17.066+09:00  INFO 23072 --- [           main] o.apache.catalina.core.StandardEngine    : Starting Servlet engine: [Apache Tomcat/10.1.54]
2026-04-16T18:56:17.149+09:00  INFO 23072 --- [           main] o.a.c.c.C.[Tomcat].[localhost].[/]       : Initializing Spring embedded WebApplicationContext
2026-04-16T18:56:17.149+09:00  INFO 23072 --- [           main] w.s.c.ServletWebServerApplicationContext : Root WebApplicationContext: initialization completed in 851 ms
2026-04-16T18:56:17.254+09:00  INFO 23072 --- [           main] o.hibernate.jpa.internal.util.LogHelper  : HHH000204: Processing PersistenceUnitInfo [name: default]
2026-04-16T18:56:17.288+09:00  INFO 23072 --- [           main] org.hibernate.Version                    : HHH000412: Hibernate ORM core version 6.6.48.Final
2026-04-16T18:56:17.313+09:00  INFO 23072 --- [           main] o.h.c.internal.RegionFactoryInitiator    : HHH000026: Second-level cache disabled
2026-04-16T18:56:17.500+09:00  INFO 23072 --- [           main] o.s.o.j.p.SpringPersistenceUnitInfo      : No LoadTimeWeaver setup: ignoring JPA class transformer
2026-04-16T18:56:17.523+09:00  INFO 23072 --- [           main] com.zaxxer.hikari.HikariDataSource       : HikariPool-1 - Starting...
2026-04-16T18:56:17.611+09:00  INFO 23072 --- [           main] com.zaxxer.hikari.pool.HikariPool        : HikariPool-1 - Added connection org.mariadb.jdbc.Connection@54329480
2026-04-16T18:56:17.613+09:00  INFO 23072 --- [           main] com.zaxxer.hikari.HikariDataSource       : HikariPool-1 - Start completed.
2026-04-16T18:56:17.659+09:00  INFO 23072 --- [           main] org.hibernate.orm.connections.pooling    : HHH10001005: Database info:
	Database JDBC URL [Connecting through datasource 'HikariDataSource (HikariPool-1)']
	Database driver: undefined/unknown
	Database version: 12.2.2
	Autocommit mode: undefined/unknown
	Isolation level: undefined/unknown
	Minimum pool size: undefined/unknown
	Maximum pool size: undefined/unknown
2026-04-16T18:56:18.183+09:00  INFO 23072 --- [           main] o.h.e.t.j.p.i.JtaPlatformInitiator       : HHH000489: No JTA platform available (set 'hibernate.transaction.jta.platform' to enable JTA platform integration)
2026-04-16T18:56:18.214+09:00  INFO 23072 --- [           main] j.LocalContainerEntityManagerFactoryBean : Initialized JPA EntityManagerFactory for persistence unit 'default'
2026-04-16T18:56:18.415+09:00  WARN 23072 --- [           main] JpaBaseConfiguration$JpaWebConfiguration : spring.jpa.open-in-view is enabled by default. Therefore, database queries may be performed during view rendering. Explicitly configure spring.jpa.open-in-view to disable this warning
2026-04-16T18:56:18.646+09:00  INFO 23072 --- [           main] o.s.b.w.embedded.tomcat.TomcatWebServer  : Tomcat started on port 8085 (http) with context path '/'
2026-04-16T18:56:18.650+09:00  INFO 23072 --- [           main] c.e.c.Capstone2026Application            : Started Capstone2026Application in 2.732 seconds (process running for 2.985)
2026-04-16T18:56:47.459+09:00  INFO 23072 --- [nio-8085-exec-2] o.a.c.c.C.[Tomcat].[localhost].[/]       : Initializing Spring DispatcherServlet 'dispatcherServlet'
2026-04-16T18:56:47.459+09:00  INFO 23072 --- [nio-8085-exec-2] o.s.web.servlet.DispatcherServlet        : Initializing Servlet 'dispatcherServlet'
2026-04-16T18:56:47.460+09:00  INFO 23072 --- [nio-8085-exec-2] o.s.web.servlet.DispatcherServlet        : Completed initialization in 1 ms
Hibernate: 
    insert 
    into
        members
        (name, password, user_id) 
    values
        (?, ?, ?)
Hibernate: 
    select
        m1_0.id,
        m1_0.name,
        m1_0.password,
        m1_0.user_id 
    from
        members m1_0 
    where
        m1_0.user_id=?
Hibernate: 
    select
        m1_0.id,
        m1_0.name,
        m1_0.password,
        m1_0.user_id 
    from
        members m1_0 
    where
        m1_0.user_id=?
^C